
> subgraph@0.0.1 dev
> ponder dev


Sync

Waiting to start...

Indexing

Waiting to start...

Progress

░░░░░░░░░░░░░░░░░░░░░░░░░░░░░░░░░░░░░░░░░░░░░░░░ 0.0%

API functions
Server live at http://localhost:42069
[2K[1A[2K[1A[2K[1A[2K[1A[2K[1A[2K[1A[2K[1A[2K[1A[2K[1A[2K[1A[2K[1A[2K[1A[2K[1A[2K[1A[2K[1A[2K[G
Sync

Waiting to start...

Indexing

Waiting to start...

Progress

░░░░░░░░░░░░░░░░░░░░░░░░░░░░░░░░░░░░░░░░░░░░░░░░ 0.0%

API functions
Server live at http://localhost:0
[2K[1A[2K[1A[2K[1A[2K[1A[2K[1A[2K[1A[2K[1A[2K[1A[2K[1A[2K[1A[2K[1A[2K[1A[2K[1A[2K[1A[2K[1A[2K[G4:43:08 AM INFO  build      Using PGlite database at .ponder/pglite (default)

Sync

Waiting to start...

Indexing

Waiting to start...

Progress

░░░░░░░░░░░░░░░░░░░░░░░░░░░░░░░░░░░░░░░░░░░░░░░░ 0.0%

API functions
Server live at http://localhost:0
[2K[1A[2K[1A[2K[1A[2K[1A[2K[1A[2K[1A[2K[1A[2K[1A[2K[1A[2K[1A[2K[1A[2K[1A[2K[1A[2K[1A[2K[1A[2K[G4:43:08 AM INFO  database   Using database schema 'public'

Sync

Waiting to start...

Indexing

Waiting to start...

Progress

░░░░░░░░░░░░░░░░░░░░░░░░░░░░░░░░░░░░░░░░░░░░░░░░ 0.0%

API functions
Server live at http://localhost:0
[2K[1A[2K[1A[2K[1A[2K[1A[2K[1A[2K[1A[2K[1A[2K[1A[2K[1A[2K[1A[2K[1A[2K[1A[2K[1A[2K[1A[2K[1A[2K[G4:43:08 AM INFO  database   Created tables [OrganizationCreated, EarnSalary, EmployeeSalarySet, EmployeeStatusChanged, Deposit, Withdraw, WithdrawAll, PeriodTimeSet]

Sync

Waiting to start...

Indexing

Waiting to start...

Progress

░░░░░░░░░░░░░░░░░░░░░░░░░░░░░░░░░░░░░░░░░░░░░░░░ 0.0%

API functions
Server live at http://localhost:0
[2K[1A[2K[1A[2K[1A[2K[1A[2K[1A[2K[1A[2K[1A[2K[1A[2K[1A[2K[1A[2K[1A[2K[1A[2K[1A[2K[1A[2K[1A[2K[G4:43:08 AM INFO  server     Started listening on port 42069

Sync

Waiting to start...

Indexing

Waiting to start...

Progress

░░░░░░░░░░░░░░░░░░░░░░░░░░░░░░░░░░░░░░░░░░░░░░░░ 0.0%

API functions
Server live at http://localhost:0
[2K[1A[2K[1A[2K[1A[2K[1A[2K[1A[2K[1A[2K[1A[2K[1A[2K[1A[2K[1A[2K[1A[2K[1A[2K[1A[2K[1A[2K[1A[2K[G4:43:08 AM INFO  server     Started returning 200 responses from /health endpoint

Sync

Waiting to start...

Indexing

Waiting to start...

Progress

░░░░░░░░░░░░░░░░░░░░░░░░░░░░░░░░░░░░░░░░░░░░░░░░ 0.0%

API functions
Server live at http://localhost:0
[2K[1A[2K[1A[2K[1A[2K[1A[2K[1A[2K[1A[2K[1A[2K[1A[2K[1A[2K[1A[2K[1A[2K[1A[2K[1A[2K[1A[2K[1A[2K[G
Sync

Waiting to start...

Indexing

Waiting to start...

Progress

░░░░░░░░░░░░░░░░░░░░░░░░░░░░░░░░░░░░░░░░░░░░░░░░ 0.0%

API functions
Server live at http://localhost:42069
[2K[1A[2K[1A[2K[1A[2K[1A[2K[1A[2K[1A[2K[1A[2K[1A[2K[1A[2K[1A[2K[1A[2K[1A[2K[1A[2K[1A[2K[1A[2K[G4:43:08 AM INFO  sync       Started 'etherlinkTestnet' historical sync with 97.6% cached

Sync

Waiting to start...

Indexing

Waiting to start...

Progress

░░░░░░░░░░░░░░░░░░░░░░░░░░░░░░░░░░░░░░░░░░░░░░░░ 0.0%

API functions
Server live at http://localhost:42069
[2K[1A[2K[1A[2K[1A[2K[1A[2K[1A[2K[1A[2K[1A[2K[1A[2K[1A[2K[1A[2K[1A[2K[1A[2K[1A[2K[1A[2K[1A[2K[G🏭 New Organization created at address: 0x5afbF5FD94AFdF983785df39C09d7af56123da07

Sync

Waiting to start...

Indexing

Waiting to start...

Progress

░░░░░░░░░░░░░░░░░░░░░░░░░░░░░░░░░░░░░░░░░░░░░░░░ 0.0%

API functions
Server live at http://localhost:42069
[2K[1A[2K[1A[2K[1A[2K[1A[2K[1A[2K[1A[2K[1A[2K[1A[2K[1A[2K[1A[2K[1A[2K[1A[2K[1A[2K[1A[2K[1A[2K[G   Owner: 0x3B4f0135465d444a5bD06Ab90fC59B73916C85F5

Sync

Waiting to start...

Indexing

Waiting to start...

Progress

░░░░░░░░░░░░░░░░░░░░░░░░░░░░░░░░░░░░░░░░░░░░░░░░ 0.0%

API functions
Server live at http://localhost:42069
[2K[1A[2K[1A[2K[1A[2K[1A[2K[1A[2K[1A[2K[1A[2K[1A[2K[1A[2K[1A[2K[1A[2K[1A[2K[1A[2K[1A[2K[1A[2K[G   Token: 0x57F0b106BD8779B7Ff721126e01fD757D48d265E

Sync

Waiting to start...

Indexing

Waiting to start...

Progress

░░░░░░░░░░░░░░░░░░░░░░░░░░░░░░░░░░░░░░░░░░░░░░░░ 0.0%

API functions
Server live at http://localhost:42069
[2K[1A[2K[1A[2K[1A[2K[1A[2K[1A[2K[1A[2K[1A[2K[1A[2K[1A[2K[1A[2K[1A[2K[1A[2K[1A[2K[1A[2K[1A[2K[G   Block: 20807898

Sync

Waiting to start...

Indexing

Waiting to start...

Progress

░░░░░░░░░░░░░░░░░░░░░░░░░░░░░░░░░░░░░░░░░░░░░░░░ 0.0%

API functions
Server live at http://localhost:42069
[2K[1A[2K[1A[2K[1A[2K[1A[2K[1A[2K[1A[2K[1A[2K[1A[2K[1A[2K[1A[2K[1A[2K[1A[2K[1A[2K[1A[2K[1A[2K[G   Transaction: 0xc66d13995c8fc78048ce3e8f3bc6eb51d60690d512c687a1f85ac1e0d236d510

Sync

Waiting to start...

Indexing

Waiting to start...

Progress

░░░░░░░░░░░░░░░░░░░░░░░░░░░░░░░░░░░░░░░░░░░░░░░░ 0.0%

API functions
Server live at http://localhost:42069
[2K[1A[2K[1A[2K[1A[2K[1A[2K[1A[2K[1A[2K[1A[2K[1A[2K[1A[2K[1A[2K[1A[2K[1A[2K[1A[2K[1A[2K[1A[2K[G4:43:08 AM INFO  app        Indexed 1 events with 36.8% complete and 22ms remaining

Sync

Waiting to start...

Indexing

Waiting to start...

Progress

░░░░░░░░░░░░░░░░░░░░░░░░░░░░░░░░░░░░░░░░░░░░░░░░ 0.0%

API functions
Server live at http://localhost:42069
[2K[1A[2K[1A[2K[1A[2K[1A[2K[1A[2K[1A[2K[1A[2K[1A[2K[1A[2K[1A[2K[1A[2K[1A[2K[1A[2K[1A[2K[1A[2K[G
Sync

│ Network          │ Status             │ Block    │ RPC (req/s) │
├──────────────────┼────────────────────┼──────────┼─────────────┤
│ etherlinkTestnet │ historical (97.6%) │ 20808149 │        19.8 │

Indexing

│ Event                   │ Count │ Duration (ms) │
├─────────────────────────┼───────┼───────────────┤
│ Factory:Or...ionCreated │     1 │             - │

Progress (historical)

█████████████████░░░░░░░░░░░░░░░░░░░░░░░░░░░░░░░ 36.8% (105ms eta)

API functions
Server live at http://localhost:42069
[2K[1A[2K[1A[2K[1A[2K[1A[2K[1A[2K[1A[2K[1A[2K[1A[2K[1A[2K[1A[2K[1A[2K[1A[2K[1A[2K[1A[2K[1A[2K[1A[2K[1A[2K[1A[2K[1A[2K[G4:43:09 AM INFO  sync       Completed 'etherlinkTestnet' historical sync

Sync

│ Network          │ Status             │ Block    │ RPC (req/s) │
├──────────────────┼────────────────────┼──────────┼─────────────┤
│ etherlinkTestnet │ historical (97.6%) │ 20808149 │        19.8 │

Indexing

│ Event                   │ Count │ Duration (ms) │
├─────────────────────────┼───────┼───────────────┤
│ Factory:Or...ionCreated │     1 │             - │

Progress (historical)

█████████████████░░░░░░░░░░░░░░░░░░░░░░░░░░░░░░░ 36.8% (105ms eta)

API functions
Server live at http://localhost:42069
[2K[1A[2K[1A[2K[1A[2K[1A[2K[1A[2K[1A[2K[1A[2K[1A[2K[1A[2K[1A[2K[1A[2K[1A[2K[1A[2K[1A[2K[1A[2K[1A[2K[1A[2K[1A[2K[1A[2K[G4:43:09 AM INFO  indexing   Completed historical indexing

Sync

│ Network          │ Status             │ Block    │ RPC (req/s) │
├──────────────────┼────────────────────┼──────────┼─────────────┤
│ etherlinkTestnet │ historical (97.6%) │ 20808149 │        19.8 │

Indexing

│ Event                   │ Count │ Duration (ms) │
├─────────────────────────┼───────┼───────────────┤
│ Factory:Or...ionCreated │     1 │             - │

Progress (historical)

█████████████████░░░░░░░░░░░░░░░░░░░░░░░░░░░░░░░ 36.8% (105ms eta)

API functions
Server live at http://localhost:42069
[2K[1A[2K[1A[2K[1A[2K[1A[2K[1A[2K[1A[2K[1A[2K[1A[2K[1A[2K[1A[2K[1A[2K[1A[2K[1A[2K[1A[2K[1A[2K[1A[2K[1A[2K[1A[2K[1A[2K[G4:43:09 AM INFO  server     Started returning 200 responses from /ready endpoint

Sync

│ Network          │ Status             │ Block    │ RPC (req/s) │
├──────────────────┼────────────────────┼──────────┼─────────────┤
│ etherlinkTestnet │ historical (97.6%) │ 20808149 │        19.8 │

Indexing

│ Event                   │ Count │ Duration (ms) │
├─────────────────────────┼───────┼───────────────┤
│ Factory:Or...ionCreated │     1 │             - │

Progress (historical)

█████████████████░░░░░░░░░░░░░░░░░░░░░░░░░░░░░░░ 36.8% (105ms eta)

API functions
Server live at http://localhost:42069
[2K[1A[2K[1A[2K[1A[2K[1A[2K[1A[2K[1A[2K[1A[2K[1A[2K[1A[2K[1A[2K[1A[2K[1A[2K[1A[2K[1A[2K[1A[2K[1A[2K[1A[2K[1A[2K[1A[2K[G
Sync

│ Network          │ Status   │ Block    │ RPC (req/s) │
├──────────────────┼──────────┼──────────┼─────────────┤
│ etherlinkTestnet │ realtime │ 20808159 │        19.9 │

Indexing

│ Event                   │ Count │ Duration (ms) │
├─────────────────────────┼───────┼───────────────┤
│ Factory:Or...ionCreated │     1 │             - │

Progress (live)

████████████████████████████████████████████████ 100%

API functions
Server live at http://localhost:42069
[2K[1A[2K[1A[2K[1A[2K[1A[2K[1A[2K[1A[2K[1A[2K[1A[2K[1A[2K[1A[2K[1A[2K[1A[2K[1A[2K[1A[2K[1A[2K[1A[2K[1A[2K[1A[2K[1A[2K[G
Sync

│ Network          │ Status   │ Block    │ RPC (req/s) │
├──────────────────┼──────────┼──────────┼─────────────┤
│ etherlinkTestnet │ realtime │ 20808159 │        23.2 │

Indexing

│ Event                   │ Count │ Duration (ms) │
├─────────────────────────┼───────┼───────────────┤
│ Factory:Or...ionCreated │     1 │             - │

Progress (live)

████████████████████████████████████████████████ 100%

API functions
Server live at http://localhost:42069
[2K[1A[2K[1A[2K[1A[2K[1A[2K[1A[2K[1A[2K[1A[2K[1A[2K[1A[2K[1A[2K[1A[2K[1A[2K[1A[2K[1A[2K[1A[2K[1A[2K[1A[2K[1A[2K[1A[2K[G
Sync

│ Network          │ Status   │ Block    │ RPC (req/s) │
├──────────────────┼──────────┼──────────┼─────────────┤
│ etherlinkTestnet │ realtime │ 20808159 │        17.3 │

Indexing

│ Event                   │ Count │ Duration (ms) │
├─────────────────────────┼───────┼───────────────┤
│ Factory:Or...ionCreated │     1 │             - │

Progress (live)

████████████████████████████████████████████████ 100%

API functions
Server live at http://localhost:42069
[2K[1A[2K[1A[2K[1A[2K[1A[2K[1A[2K[1A[2K[1A[2K[1A[2K[1A[2K[1A[2K[1A[2K[1A[2K[1A[2K[1A[2K[1A[2K[1A[2K[1A[2K[1A[2K[1A[2K[G
Sync

│ Network          │ Status   │ Block    │ RPC (req/s) │
├──────────────────┼──────────┼──────────┼─────────────┤
│ etherlinkTestnet │ realtime │ 20808159 │        13.9 │

Indexing

│ Event                   │ Count │ Duration (ms) │
├─────────────────────────┼───────┼───────────────┤
│ Factory:Or...ionCreated │     1 │             - │

Progress (live)

████████████████████████████████████████████████ 100%

API functions
Server live at http://localhost:42069
[2K[1A[2K[1A[2K[1A[2K[1A[2K[1A[2K[1A[2K[1A[2K[1A[2K[1A[2K[1A[2K[1A[2K[1A[2K[1A[2K[1A[2K[1A[2K[1A[2K[1A[2K[1A[2K[1A[2K[G
Sync

│ Network          │ Status   │ Block    │ RPC (req/s) │
├──────────────────┼──────────┼──────────┼─────────────┤
│ etherlinkTestnet │ realtime │ 20808159 │        11.6 │

Indexing

│ Event                   │ Count │ Duration (ms) │
├─────────────────────────┼───────┼───────────────┤
│ Factory:Or...ionCreated │     1 │             - │

Progress (live)

████████████████████████████████████████████████ 100%

API functions
Server live at http://localhost:42069
[2K[1A[2K[1A[2K[1A[2K[1A[2K[1A[2K[1A[2K[1A[2K[1A[2K[1A[2K[1A[2K[1A[2K[1A[2K[1A[2K[1A[2K[1A[2K[1A[2K[1A[2K[1A[2K[1A[2K[G
Sync

│ Network          │ Status   │ Block    │ RPC (req/s) │
├──────────────────┼──────────┼──────────┼─────────────┤
│ etherlinkTestnet │ realtime │ 20808159 │         9.9 │

Indexing

│ Event                   │ Count │ Duration (ms) │
├─────────────────────────┼───────┼───────────────┤
│ Factory:Or...ionCreated │     1 │             - │

Progress (live)

████████████████████████████████████████████████ 100%

API functions
Server live at http://localhost:42069
[2K[1A[2K[1A[2K[1A[2K[1A[2K[1A[2K[1A[2K[1A[2K[1A[2K[1A[2K[1A[2K[1A[2K[1A[2K[1A[2K[1A[2K[1A[2K[1A[2K[1A[2K[1A[2K[1A[2K[G
Sync

│ Network          │ Status   │ Block    │ RPC (req/s) │
├──────────────────┼──────────┼──────────┼─────────────┤
│ etherlinkTestnet │ realtime │ 20808159 │         8.7 │

Indexing

│ Event                   │ Count │ Duration (ms) │
├─────────────────────────┼───────┼───────────────┤
│ Factory:Or...ionCreated │     1 │             - │

Progress (live)

████████████████████████████████████████████████ 100%

API functions
Server live at http://localhost:42069
[2K[1A[2K[1A[2K[1A[2K[1A[2K[1A[2K[1A[2K[1A[2K[1A[2K[1A[2K[1A[2K[1A[2K[1A[2K[1A[2K[1A[2K[1A[2K[1A[2K[1A[2K[1A[2K[1A[2K[G
Sync

│ Network          │ Status   │ Block    │ RPC (req/s) │
├──────────────────┼──────────┼──────────┼─────────────┤
│ etherlinkTestnet │ realtime │ 20808159 │         7.7 │

Indexing

│ Event                   │ Count │ Duration (ms) │
├─────────────────────────┼───────┼───────────────┤
│ Factory:Or...ionCreated │     1 │             - │

Progress (live)

████████████████████████████████████████████████ 100%

API functions
Server live at http://localhost:42069
[2K[1A[2K[1A[2K[1A[2K[1A[2K[1A[2K[1A[2K[1A[2K[1A[2K[1A[2K[1A[2K[1A[2K[1A[2K[1A[2K[1A[2K[1A[2K[1A[2K[1A[2K[1A[2K[1A[2K[G
Sync

│ Network          │ Status   │ Block    │ RPC (req/s) │
├──────────────────┼──────────┼──────────┼─────────────┤
│ etherlinkTestnet │ realtime │ 20808159 │         6.9 │

Indexing

│ Event                   │ Count │ Duration (ms) │
├─────────────────────────┼───────┼───────────────┤
│ Factory:Or...ionCreated │     1 │             - │

Progress (live)

████████████████████████████████████████████████ 100%

API functions
Server live at http://localhost:42069
[2K[1A[2K[1A[2K[1A[2K[1A[2K[1A[2K[1A[2K[1A[2K[1A[2K[1A[2K[1A[2K[1A[2K[1A[2K[1A[2K[1A[2K[1A[2K[1A[2K[1A[2K[1A[2K[1A[2K[G
Sync

│ Network          │ Status   │ Block    │ RPC (req/s) │
├──────────────────┼──────────┼──────────┼─────────────┤
│ etherlinkTestnet │ realtime │ 20808159 │         6.3 │

Indexing

│ Event                   │ Count │ Duration (ms) │
├─────────────────────────┼───────┼───────────────┤
│ Factory:Or...ionCreated │     1 │             - │

Progress (live)

████████████████████████████████████████████████ 100%

API functions
Server live at http://localhost:42069
[2K[1A[2K[1A[2K[1A[2K[1A[2K[1A[2K[1A[2K[1A[2K[1A[2K[1A[2K[1A[2K[1A[2K[1A[2K[1A[2K[1A[2K[1A[2K[1A[2K[1A[2K[1A[2K[1A[2K[G
Sync

│ Network          │ Status   │ Block    │ RPC (req/s) │
├──────────────────┼──────────┼──────────┼─────────────┤
│ etherlinkTestnet │ realtime │ 20808159 │         9.1 │

Indexing

│ Event                   │ Count │ Duration (ms) │
├─────────────────────────┼───────┼───────────────┤
│ Factory:Or...ionCreated │     1 │             - │

Progress (live)

████████████████████████████████████████████████ 100%

API functions
Server live at http://localhost:42069
[2K[1A[2K[1A[2K[1A[2K[1A[2K[1A[2K[1A[2K[1A[2K[1A[2K[1A[2K[1A[2K[1A[2K[1A[2K[1A[2K[1A[2K[1A[2K[1A[2K[1A[2K[1A[2K[1A[2K[G
Sync

│ Network          │ Status   │ Block    │ RPC (req/s) │
├──────────────────┼──────────┼──────────┼─────────────┤
│ etherlinkTestnet │ realtime │ 20808159 │         8.5 │

Indexing

│ Event                   │ Count │ Duration (ms) │
├─────────────────────────┼───────┼───────────────┤
│ Factory:Or...ionCreated │     1 │             - │

Progress (live)

████████████████████████████████████████████████ 100%

API functions
Server live at http://localhost:42069
[2K[1A[2K[1A[2K[1A[2K[1A[2K[1A[2K[1A[2K[1A[2K[1A[2K[1A[2K[1A[2K[1A[2K[1A[2K[1A[2K[1A[2K[1A[2K[1A[2K[1A[2K[1A[2K[1A[2K[G
Sync

│ Network          │ Status   │ Block    │ RPC (req/s) │
├──────────────────┼──────────┼──────────┼─────────────┤
│ etherlinkTestnet │ realtime │ 20808159 │         7.9 │

Indexing

│ Event                   │ Count │ Duration (ms) │
├─────────────────────────┼───────┼───────────────┤
│ Factory:Or...ionCreated │     1 │             - │

Progress (live)

████████████████████████████████████████████████ 100%

API functions
Server live at http://localhost:42069
[2K[1A[2K[1A[2K[1A[2K[1A[2K[1A[2K[1A[2K[1A[2K[1A[2K[1A[2K[1A[2K[1A[2K[1A[2K[1A[2K[1A[2K[1A[2K[1A[2K[1A[2K[1A[2K[1A[2K[G
Sync

│ Network          │ Status   │ Block    │ RPC (req/s) │
├──────────────────┼──────────┼──────────┼─────────────┤
│ etherlinkTestnet │ realtime │ 20808159 │         7.4 │

Indexing

│ Event                   │ Count │ Duration (ms) │
├─────────────────────────┼───────┼───────────────┤
│ Factory:Or...ionCreated │     1 │             - │

Progress (live)

████████████████████████████████████████████████ 100%

API functions
Server live at http://localhost:42069
[2K[1A[2K[1A[2K[1A[2K[1A[2K[1A[2K[1A[2K[1A[2K[1A[2K[1A[2K[1A[2K[1A[2K[1A[2K[1A[2K[1A[2K[1A[2K[1A[2K[1A[2K[1A[2K[1A[2K[G
Sync

│ Network          │ Status   │ Block    │ RPC (req/s) │
├──────────────────┼──────────┼──────────┼─────────────┤
│ etherlinkTestnet │ realtime │ 20808159 │         7.0 │

Indexing

│ Event                   │ Count │ Duration (ms) │
├─────────────────────────┼───────┼───────────────┤
│ Factory:Or...ionCreated │     1 │             - │

Progress (live)

████████████████████████████████████████████████ 100%

API functions
Server live at http://localhost:42069
[2K[1A[2K[1A[2K[1A[2K[1A[2K[1A[2K[1A[2K[1A[2K[1A[2K[1A[2K[1A[2K[1A[2K[1A[2K[1A[2K[1A[2K[1A[2K[1A[2K[1A[2K[1A[2K[1A[2K[G
Sync

│ Network          │ Status   │ Block    │ RPC (req/s) │
├──────────────────┼──────────┼──────────┼─────────────┤
│ etherlinkTestnet │ realtime │ 20808159 │         6.6 │

Indexing

│ Event                   │ Count │ Duration (ms) │
├─────────────────────────┼───────┼───────────────┤
│ Factory:Or...ionCreated │     1 │             - │

Progress (live)

████████████████████████████████████████████████ 100%

API functions
Server live at http://localhost:42069
[2K[1A[2K[1A[2K[1A[2K[1A[2K[1A[2K[1A[2K[1A[2K[1A[2K[1A[2K[1A[2K[1A[2K[1A[2K[1A[2K[1A[2K[1A[2K[1A[2K[1A[2K[1A[2K[1A[2K[G
Sync

│ Network          │ Status   │ Block    │ RPC (req/s) │
├──────────────────┼──────────┼──────────┼─────────────┤
│ etherlinkTestnet │ realtime │ 20808159 │         6.3 │

Indexing

│ Event                   │ Count │ Duration (ms) │
├─────────────────────────┼───────┼───────────────┤
│ Factory:Or...ionCreated │     1 │             - │

Progress (live)

████████████████████████████████████████████████ 100%

API functions
Server live at http://localhost:42069
[2K[1A[2K[1A[2K[1A[2K[1A[2K[1A[2K[1A[2K[1A[2K[1A[2K[1A[2K[1A[2K[1A[2K[1A[2K[1A[2K[1A[2K[1A[2K[1A[2K[1A[2K[1A[2K[1A[2K[G
Sync

│ Network          │ Status   │ Block    │ RPC (req/s) │
├──────────────────┼──────────┼──────────┼─────────────┤
│ etherlinkTestnet │ realtime │ 20808159 │         5.9 │

Indexing

│ Event                   │ Count │ Duration (ms) │
├─────────────────────────┼───────┼───────────────┤
│ Factory:Or...ionCreated │     1 │             - │

Progress (live)

████████████████████████████████████████████████ 100%

API functions
Server live at http://localhost:42069
[2K[1A[2K[1A[2K[1A[2K[1A[2K[1A[2K[1A[2K[1A[2K[1A[2K[1A[2K[1A[2K[1A[2K[1A[2K[1A[2K[1A[2K[1A[2K[1A[2K[1A[2K[1A[2K[1A[2K[G
Sync

│ Network          │ Status   │ Block    │ RPC (req/s) │
├──────────────────┼──────────┼──────────┼─────────────┤
│ etherlinkTestnet │ realtime │ 20808159 │         5.7 │

Indexing

│ Event                   │ Count │ Duration (ms) │
├─────────────────────────┼───────┼───────────────┤
│ Factory:Or...ionCreated │     1 │             - │

Progress (live)

████████████████████████████████████████████████ 100%

API functions
Server live at http://localhost:42069
[2K[1A[2K[1A[2K[1A[2K[1A[2K[1A[2K[1A[2K[1A[2K[1A[2K[1A[2K[1A[2K[1A[2K[1A[2K[1A[2K[1A[2K[1A[2K[1A[2K[1A[2K[1A[2K[1A[2K[G
Sync

│ Network          │ Status   │ Block    │ RPC (req/s) │
├──────────────────┼──────────┼──────────┼─────────────┤
│ etherlinkTestnet │ realtime │ 20808159 │         7.2 │

Indexing

│ Event                   │ Count │ Duration (ms) │
├─────────────────────────┼───────┼───────────────┤
│ Factory:Or...ionCreated │     1 │             - │

Progress (live)

████████████████████████████████████████████████ 100%

API functions
Server live at http://localhost:42069
[2K[1A[2K[1A[2K[1A[2K[1A[2K[1A[2K[1A[2K[1A[2K[1A[2K[1A[2K[1A[2K[1A[2K[1A[2K[1A[2K[1A[2K[1A[2K[1A[2K[1A[2K[1A[2K[1A[2K[G
Sync

│ Network          │ Status   │ Block    │ RPC (req/s) │
├──────────────────┼──────────┼──────────┼─────────────┤
│ etherlinkTestnet │ realtime │ 20808159 │         7.3 │

Indexing

│ Event                   │ Count │ Duration (ms) │
├─────────────────────────┼───────┼───────────────┤
│ Factory:Or...ionCreated │     1 │             - │

Progress (live)

████████████████████████████████████████████████ 100%

API functions
Server live at http://localhost:42069
[2K[1A[2K[1A[2K[1A[2K[1A[2K[1A[2K[1A[2K[1A[2K[1A[2K[1A[2K[1A[2K[1A[2K[1A[2K[1A[2K[1A[2K[1A[2K[1A[2K[1A[2K[1A[2K[1A[2K[G
Sync

│ Network          │ Status   │ Block    │ RPC (req/s) │
├──────────────────┼──────────┼──────────┼─────────────┤
│ etherlinkTestnet │ realtime │ 20808159 │         7.0 │

Indexing

│ Event                   │ Count │ Duration (ms) │
├─────────────────────────┼───────┼───────────────┤
│ Factory:Or...ionCreated │     1 │             - │

Progress (live)

████████████████████████████████████████████████ 100%

API functions
Server live at http://localhost:42069
[2K[1A[2K[1A[2K[1A[2K[1A[2K[1A[2K[1A[2K[1A[2K[1A[2K[1A[2K[1A[2K[1A[2K[1A[2K[1A[2K[1A[2K[1A[2K[1A[2K[1A[2K[1A[2K[1A[2K[G
Sync

│ Network          │ Status   │ Block    │ RPC (req/s) │
├──────────────────┼──────────┼──────────┼─────────────┤
│ etherlinkTestnet │ realtime │ 20808159 │         6.7 │

Indexing

│ Event                   │ Count │ Duration (ms) │
├─────────────────────────┼───────┼───────────────┤
│ Factory:Or...ionCreated │     1 │             - │

Progress (live)

████████████████████████████████████████████████ 100%

API functions
Server live at http://localhost:42069
[2K[1A[2K[1A[2K[1A[2K[1A[2K[1A[2K[1A[2K[1A[2K[1A[2K[1A[2K[1A[2K[1A[2K[1A[2K[1A[2K[1A[2K[1A[2K[1A[2K[1A[2K[1A[2K[1A[2K[G
Sync

│ Network          │ Status   │ Block    │ RPC (req/s) │
├──────────────────┼──────────┼──────────┼─────────────┤
│ etherlinkTestnet │ realtime │ 20808159 │         6.5 │

Indexing

│ Event                   │ Count │ Duration (ms) │
├─────────────────────────┼───────┼───────────────┤
│ Factory:Or...ionCreated │     1 │             - │

Progress (live)

████████████████████████████████████████████████ 100%

API functions
Server live at http://localhost:42069
[2K[1A[2K[1A[2K[1A[2K[1A[2K[1A[2K[1A[2K[1A[2K[1A[2K[1A[2K[1A[2K[1A[2K[1A[2K[1A[2K[1A[2K[1A[2K[1A[2K[1A[2K[1A[2K[1A[2K[G
Sync

│ Network          │ Status   │ Block    │ RPC (req/s) │
├──────────────────┼──────────┼──────────┼─────────────┤
│ etherlinkTestnet │ realtime │ 20808159 │         6.2 │

Indexing

│ Event                   │ Count │ Duration (ms) │
├─────────────────────────┼───────┼───────────────┤
│ Factory:Or...ionCreated │     1 │             - │

Progress (live)

████████████████████████████████████████████████ 100%

API functions
Server live at http://localhost:42069
[2K[1A[2K[1A[2K[1A[2K[1A[2K[1A[2K[1A[2K[1A[2K[1A[2K[1A[2K[1A[2K[1A[2K[1A[2K[1A[2K[1A[2K[1A[2K[1A[2K[1A[2K[1A[2K[1A[2K[G
Sync

│ Network          │ Status   │ Block    │ RPC (req/s) │
├──────────────────┼──────────┼──────────┼─────────────┤
│ etherlinkTestnet │ realtime │ 20808159 │         6.0 │

Indexing

│ Event                   │ Count │ Duration (ms) │
├─────────────────────────┼───────┼───────────────┤
│ Factory:Or...ionCreated │     1 │             - │

Progress (live)

████████████████████████████████████████████████ 100%

API functions
Server live at http://localhost:42069
[2K[1A[2K[1A[2K[1A[2K[1A[2K[1A[2K[1A[2K[1A[2K[1A[2K[1A[2K[1A[2K[1A[2K[1A[2K[1A[2K[1A[2K[1A[2K[1A[2K[1A[2K[1A[2K[1A[2K[G
Sync

│ Network          │ Status   │ Block    │ RPC (req/s) │
├──────────────────┼──────────┼──────────┼─────────────┤
│ etherlinkTestnet │ realtime │ 20808159 │         5.8 │

Indexing

│ Event                   │ Count │ Duration (ms) │
├─────────────────────────┼───────┼───────────────┤
│ Factory:Or...ionCreated │     1 │             - │

Progress (live)

████████████████████████████████████████████████ 100%

API functions
Server live at http://localhost:42069
[2K[1A[2K[1A[2K[1A[2K[1A[2K[1A[2K[1A[2K[1A[2K[1A[2K[1A[2K[1A[2K[1A[2K[1A[2K[1A[2K[1A[2K[1A[2K[1A[2K[1A[2K[1A[2K[1A[2K[G
Sync

│ Network          │ Status   │ Block    │ RPC (req/s) │
├──────────────────┼──────────┼──────────┼─────────────┤
│ etherlinkTestnet │ realtime │ 20808159 │         5.6 │

Indexing

│ Event                   │ Count │ Duration (ms) │
├─────────────────────────┼───────┼───────────────┤
│ Factory:Or...ionCreated │     1 │             - │

Progress (live)

████████████████████████████████████████████████ 100%

API functions
Server live at http://localhost:42069
[2K[1A[2K[1A[2K[1A[2K[1A[2K[1A[2K[1A[2K[1A[2K[1A[2K[1A[2K[1A[2K[1A[2K[1A[2K[1A[2K[1A[2K[1A[2K[1A[2K[1A[2K[1A[2K[1A[2K[G
Sync

│ Network          │ Status   │ Block    │ RPC (req/s) │
├──────────────────┼──────────┼──────────┼─────────────┤
│ etherlinkTestnet │ realtime │ 20808159 │         5.4 │

Indexing

│ Event                   │ Count │ Duration (ms) │
├─────────────────────────┼───────┼───────────────┤
│ Factory:Or...ionCreated │     1 │             - │

Progress (live)

████████████████████████████████████████████████ 100%

API functions
Server live at http://localhost:42069
[2K[1A[2K[1A[2K[1A[2K[1A[2K[1A[2K[1A[2K[1A[2K[1A[2K[1A[2K[1A[2K[1A[2K[1A[2K[1A[2K[1A[2K[1A[2K[1A[2K[1A[2K[1A[2K[1A[2K[G
Sync

│ Network          │ Status   │ Block    │ RPC (req/s) │
├──────────────────┼──────────┼──────────┼─────────────┤
│ etherlinkTestnet │ realtime │ 20808159 │         6.5 │

Indexing

│ Event                   │ Count │ Duration (ms) │
├─────────────────────────┼───────┼───────────────┤
│ Factory:Or...ionCreated │     1 │             - │

Progress (live)

████████████████████████████████████████████████ 100%

API functions
Server live at http://localhost:42069
[2K[1A[2K[1A[2K[1A[2K[1A[2K[1A[2K[1A[2K[1A[2K[1A[2K[1A[2K[1A[2K[1A[2K[1A[2K[1A[2K[1A[2K[1A[2K[1A[2K[1A[2K[1A[2K[1A[2K[G
Sync

│ Network          │ Status   │ Block    │ RPC (req/s) │
├──────────────────┼──────────┼──────────┼─────────────┤
│ etherlinkTestnet │ realtime │ 20808159 │         6.6 │

Indexing

│ Event                   │ Count │ Duration (ms) │
├─────────────────────────┼───────┼───────────────┤
│ Factory:Or...ionCreated │     1 │             - │

Progress (live)

████████████████████████████████████████████████ 100%

API functions
Server live at http://localhost:42069
[2K[1A[2K[1A[2K[1A[2K[1A[2K[1A[2K[1A[2K[1A[2K[1A[2K[1A[2K[1A[2K[1A[2K[1A[2K[1A[2K[1A[2K[1A[2K[1A[2K[1A[2K[1A[2K[1A[2K[G
Sync

│ Network          │ Status   │ Block    │ RPC (req/s) │
├──────────────────┼──────────┼──────────┼─────────────┤
│ etherlinkTestnet │ realtime │ 20808159 │         6.4 │

Indexing

│ Event                   │ Count │ Duration (ms) │
├─────────────────────────┼───────┼───────────────┤
│ Factory:Or...ionCreated │     1 │             - │

Progress (live)

████████████████████████████████████████████████ 100%

API functions
Server live at http://localhost:42069
[2K[1A[2K[1A[2K[1A[2K[1A[2K[1A[2K[1A[2K[1A[2K[1A[2K[1A[2K[1A[2K[1A[2K[1A[2K[1A[2K[1A[2K[1A[2K[1A[2K[1A[2K[1A[2K[1A[2K[G
Sync

│ Network          │ Status   │ Block    │ RPC (req/s) │
├──────────────────┼──────────┼──────────┼─────────────┤
│ etherlinkTestnet │ realtime │ 20808159 │         6.2 │

Indexing

│ Event                   │ Count │ Duration (ms) │
├─────────────────────────┼───────┼───────────────┤
│ Factory:Or...ionCreated │     1 │             - │

Progress (live)

████████████████████████████████████████████████ 100%

API functions
Server live at http://localhost:42069
[2K[1A[2K[1A[2K[1A[2K[1A[2K[1A[2K[1A[2K[1A[2K[1A[2K[1A[2K[1A[2K[1A[2K[1A[2K[1A[2K[1A[2K[1A[2K[1A[2K[1A[2K[1A[2K[1A[2K[G
Sync

│ Network          │ Status   │ Block    │ RPC (req/s) │
├──────────────────┼──────────┼──────────┼─────────────┤
│ etherlinkTestnet │ realtime │ 20808159 │         6.1 │

Indexing

│ Event                   │ Count │ Duration (ms) │
├─────────────────────────┼───────┼───────────────┤
│ Factory:Or...ionCreated │     1 │             - │

Progress (live)

████████████████████████████████████████████████ 100%

API functions
Server live at http://localhost:42069
[2K[1A[2K[1A[2K[1A[2K[1A[2K[1A[2K[1A[2K[1A[2K[1A[2K[1A[2K[1A[2K[1A[2K[1A[2K[1A[2K[1A[2K[1A[2K[1A[2K[1A[2K[1A[2K[1A[2K[G
Sync

│ Network          │ Status   │ Block    │ RPC (req/s) │
├──────────────────┼──────────┼──────────┼─────────────┤
│ etherlinkTestnet │ realtime │ 20808159 │         5.9 │

Indexing

│ Event                   │ Count │ Duration (ms) │
├─────────────────────────┼───────┼───────────────┤
│ Factory:Or...ionCreated │     1 │             - │

Progress (live)

████████████████████████████████████████████████ 100%

API functions
Server live at http://localhost:42069
[2K[1A[2K[1A[2K[1A[2K[1A[2K[1A[2K[1A[2K[1A[2K[1A[2K[1A[2K[1A[2K[1A[2K[1A[2K[1A[2K[1A[2K[1A[2K[1A[2K[1A[2K[1A[2K[1A[2K[G
Sync

│ Network          │ Status   │ Block    │ RPC (req/s) │
├──────────────────┼──────────┼──────────┼─────────────┤
│ etherlinkTestnet │ realtime │ 20808159 │         5.7 │

Indexing

│ Event                   │ Count │ Duration (ms) │
├─────────────────────────┼───────┼───────────────┤
│ Factory:Or...ionCreated │     1 │             - │

Progress (live)

████████████████████████████████████████████████ 100%

API functions
Server live at http://localhost:42069
[2K[1A[2K[1A[2K[1A[2K[1A[2K[1A[2K[1A[2K[1A[2K[1A[2K[1A[2K[1A[2K[1A[2K[1A[2K[1A[2K[1A[2K[1A[2K[1A[2K[1A[2K[1A[2K[1A[2K[G
Sync

│ Network          │ Status   │ Block    │ RPC (req/s) │
├──────────────────┼──────────┼──────────┼─────────────┤
│ etherlinkTestnet │ realtime │ 20808159 │         5.6 │

Indexing

│ Event                   │ Count │ Duration (ms) │
├─────────────────────────┼───────┼───────────────┤
│ Factory:Or...ionCreated │     1 │             - │

Progress (live)

████████████████████████████████████████████████ 100%

API functions
Server live at http://localhost:42069
[2K[1A[2K[1A[2K[1A[2K[1A[2K[1A[2K[1A[2K[1A[2K[1A[2K[1A[2K[1A[2K[1A[2K[1A[2K[1A[2K[1A[2K[1A[2K[1A[2K[1A[2K[1A[2K[1A[2K[G
Sync

│ Network          │ Status   │ Block    │ RPC (req/s) │
├──────────────────┼──────────┼──────────┼─────────────┤
│ etherlinkTestnet │ realtime │ 20808159 │         5.5 │

Indexing

│ Event                   │ Count │ Duration (ms) │
├─────────────────────────┼───────┼───────────────┤
│ Factory:Or...ionCreated │     1 │             - │

Progress (live)

████████████████████████████████████████████████ 100%

API functions
Server live at http://localhost:42069
[2K[1A[2K[1A[2K[1A[2K[1A[2K[1A[2K[1A[2K[1A[2K[1A[2K[1A[2K[1A[2K[1A[2K[1A[2K[1A[2K[1A[2K[1A[2K[1A[2K[1A[2K[1A[2K[1A[2K[G
Sync

│ Network          │ Status   │ Block    │ RPC (req/s) │
├──────────────────┼──────────┼──────────┼─────────────┤
│ etherlinkTestnet │ realtime │ 20808159 │         5.3 │

Indexing

│ Event                   │ Count │ Duration (ms) │
├─────────────────────────┼───────┼───────────────┤
│ Factory:Or...ionCreated │     1 │             - │

Progress (live)

████████████████████████████████████████████████ 100%

API functions
Server live at http://localhost:42069
[2K[1A[2K[1A[2K[1A[2K[1A[2K[1A[2K[1A[2K[1A[2K[1A[2K[1A[2K[1A[2K[1A[2K[1A[2K[1A[2K[1A[2K[1A[2K[1A[2K[1A[2K[1A[2K[1A[2K[G
Sync

│ Network          │ Status   │ Block    │ RPC (req/s) │
├──────────────────┼──────────┼──────────┼─────────────┤
│ etherlinkTestnet │ realtime │ 20808159 │         6.4 │

Indexing

│ Event                   │ Count │ Duration (ms) │
├─────────────────────────┼───────┼───────────────┤
│ Factory:Or...ionCreated │     1 │             - │

Progress (live)

████████████████████████████████████████████████ 100%

API functions
Server live at http://localhost:42069
[2K[1A[2K[1A[2K[1A[2K[1A[2K[1A[2K[1A[2K[1A[2K[1A[2K[1A[2K[1A[2K[1A[2K[1A[2K[1A[2K[1A[2K[1A[2K[1A[2K[1A[2K[1A[2K[1A[2K[G
Sync

│ Network          │ Status   │ Block    │ RPC (req/s) │
├──────────────────┼──────────┼──────────┼─────────────┤
│ etherlinkTestnet │ realtime │ 20808159 │         6.2 │

Indexing

│ Event                   │ Count │ Duration (ms) │
├─────────────────────────┼───────┼───────────────┤
│ Factory:Or...ionCreated │     1 │             - │

Progress (live)

████████████████████████████████████████████████ 100%

API functions
Server live at http://localhost:42069
[2K[1A[2K[1A[2K[1A[2K[1A[2K[1A[2K[1A[2K[1A[2K[1A[2K[1A[2K[1A[2K[1A[2K[1A[2K[1A[2K[1A[2K[1A[2K[1A[2K[1A[2K[1A[2K[1A[2K[G
Sync

│ Network          │ Status   │ Block    │ RPC (req/s) │
├──────────────────┼──────────┼──────────┼─────────────┤
│ etherlinkTestnet │ realtime │ 20808159 │         6.1 │

Indexing

│ Event                   │ Count │ Duration (ms) │
├─────────────────────────┼───────┼───────────────┤
│ Factory:Or...ionCreated │     1 │             - │

Progress (live)

████████████████████████████████████████████████ 100%

API functions
Server live at http://localhost:42069
[2K[1A[2K[1A[2K[1A[2K[1A[2K[1A[2K[1A[2K[1A[2K[1A[2K[1A[2K[1A[2K[1A[2K[1A[2K[1A[2K[1A[2K[1A[2K[1A[2K[1A[2K[1A[2K[1A[2K[G
Sync

│ Network          │ Status   │ Block    │ RPC (req/s) │
├──────────────────┼──────────┼──────────┼─────────────┤
│ etherlinkTestnet │ realtime │ 20808159 │         5.9 │

Indexing

│ Event                   │ Count │ Duration (ms) │
├─────────────────────────┼───────┼───────────────┤
│ Factory:Or...ionCreated │     1 │             - │

Progress (live)

████████████████████████████████████████████████ 100%

API functions
Server live at http://localhost:42069
[2K[1A[2K[1A[2K[1A[2K[1A[2K[1A[2K[1A[2K[1A[2K[1A[2K[1A[2K[1A[2K[1A[2K[1A[2K[1A[2K[1A[2K[1A[2K[1A[2K[1A[2K[1A[2K[1A[2K[G
Sync

│ Network          │ Status   │ Block    │ RPC (req/s) │
├──────────────────┼──────────┼──────────┼─────────────┤
│ etherlinkTestnet │ realtime │ 20808159 │         5.8 │

Indexing

│ Event                   │ Count │ Duration (ms) │
├─────────────────────────┼───────┼───────────────┤
│ Factory:Or...ionCreated │     1 │             - │

Progress (live)

████████████████████████████████████████████████ 100%

API functions
Server live at http://localhost:42069
[2K[1A[2K[1A[2K[1A[2K[1A[2K[1A[2K[1A[2K[1A[2K[1A[2K[1A[2K[1A[2K[1A[2K[1A[2K[1A[2K[1A[2K[1A[2K[1A[2K[1A[2K[1A[2K[1A[2K[G
Sync

│ Network          │ Status   │ Block    │ RPC (req/s) │
├──────────────────┼──────────┼──────────┼─────────────┤
│ etherlinkTestnet │ realtime │ 20808159 │         5.7 │

Indexing

│ Event                   │ Count │ Duration (ms) │
├─────────────────────────┼───────┼───────────────┤
│ Factory:Or...ionCreated │     1 │             - │

Progress (live)

████████████████████████████████████████████████ 100%

API functions
Server live at http://localhost:42069
[2K[1A[2K[1A[2K[1A[2K[1A[2K[1A[2K[1A[2K[1A[2K[1A[2K[1A[2K[1A[2K[1A[2K[1A[2K[1A[2K[1A[2K[1A[2K[1A[2K[1A[2K[1A[2K[1A[2K[G
Sync

│ Network          │ Status   │ Block    │ RPC (req/s) │
├──────────────────┼──────────┼──────────┼─────────────┤
│ etherlinkTestnet │ realtime │ 20808159 │         5.6 │

Indexing

│ Event                   │ Count │ Duration (ms) │
├─────────────────────────┼───────┼───────────────┤
│ Factory:Or...ionCreated │     1 │             - │

Progress (live)

████████████████████████████████████████████████ 100%

API functions
Server live at http://localhost:42069
[2K[1A[2K[1A[2K[1A[2K[1A[2K[1A[2K[1A[2K[1A[2K[1A[2K[1A[2K[1A[2K[1A[2K[1A[2K[1A[2K[1A[2K[1A[2K[1A[2K[1A[2K[1A[2K[1A[2K[G
Sync

│ Network          │ Status   │ Block    │ RPC (req/s) │
├──────────────────┼──────────┼──────────┼─────────────┤
│ etherlinkTestnet │ realtime │ 20808159 │         5.5 │

Indexing

│ Event                   │ Count │ Duration (ms) │
├─────────────────────────┼───────┼───────────────┤
│ Factory:Or...ionCreated │     1 │             - │

Progress (live)

████████████████████████████████████████████████ 100%

API functions
Server live at http://localhost:42069
[2K[1A[2K[1A[2K[1A[2K[1A[2K[1A[2K[1A[2K[1A[2K[1A[2K[1A[2K[1A[2K[1A[2K[1A[2K[1A[2K[1A[2K[1A[2K[1A[2K[1A[2K[1A[2K[1A[2K[G
Sync

│ Network          │ Status   │ Block    │ RPC (req/s) │
├──────────────────┼──────────┼──────────┼─────────────┤
│ etherlinkTestnet │ realtime │ 20808159 │         5.4 │

Indexing

│ Event                   │ Count │ Duration (ms) │
├─────────────────────────┼───────┼───────────────┤
│ Factory:Or...ionCreated │     1 │             - │

Progress (live)

████████████████████████████████████████████████ 100%

API functions
Server live at http://localhost:42069
[2K[1A[2K[1A[2K[1A[2K[1A[2K[1A[2K[1A[2K[1A[2K[1A[2K[1A[2K[1A[2K[1A[2K[1A[2K[1A[2K[1A[2K[1A[2K[1A[2K[1A[2K[1A[2K[1A[2K[G
Sync

│ Network          │ Status   │ Block    │ RPC (req/s) │
├──────────────────┼──────────┼──────────┼─────────────┤
│ etherlinkTestnet │ realtime │ 20808159 │         5.2 │

Indexing

│ Event                   │ Count │ Duration (ms) │
├─────────────────────────┼───────┼───────────────┤
│ Factory:Or...ionCreated │     1 │             - │

Progress (live)

████████████████████████████████████████████████ 100%

API functions
Server live at http://localhost:42069
[2K[1A[2K[1A[2K[1A[2K[1A[2K[1A[2K[1A[2K[1A[2K[1A[2K[1A[2K[1A[2K[1A[2K[1A[2K[1A[2K[1A[2K[1A[2K[1A[2K[1A[2K[1A[2K[1A[2K[G
Sync

│ Network          │ Status   │ Block    │ RPC (req/s) │
├──────────────────┼──────────┼──────────┼─────────────┤
│ etherlinkTestnet │ realtime │ 20808159 │         6.1 │

Indexing

│ Event                   │ Count │ Duration (ms) │
├─────────────────────────┼───────┼───────────────┤
│ Factory:Or...ionCreated │     1 │             - │

Progress (live)

████████████████████████████████████████████████ 100%

API functions
Server live at http://localhost:42069
[2K[1A[2K[1A[2K[1A[2K[1A[2K[1A[2K[1A[2K[1A[2K[1A[2K[1A[2K[1A[2K[1A[2K[1A[2K[1A[2K[1A[2K[1A[2K[1A[2K[1A[2K[1A[2K[1A[2K[G
Sync

│ Network          │ Status   │ Block    │ RPC (req/s) │
├──────────────────┼──────────┼──────────┼─────────────┤
│ etherlinkTestnet │ realtime │ 20808159 │         6.0 │

Indexing

│ Event                   │ Count │ Duration (ms) │
├─────────────────────────┼───────┼───────────────┤
│ Factory:Or...ionCreated │     1 │             - │

Progress (live)

████████████████████████████████████████████████ 100%

API functions
Server live at http://localhost:42069
[2K[1A[2K[1A[2K[1A[2K[1A[2K[1A[2K[1A[2K[1A[2K[1A[2K[1A[2K[1A[2K[1A[2K[1A[2K[1A[2K[1A[2K[1A[2K[1A[2K[1A[2K[1A[2K[1A[2K[G
Sync

│ Network          │ Status   │ Block    │ RPC (req/s) │
├──────────────────┼──────────┼──────────┼─────────────┤
│ etherlinkTestnet │ realtime │ 20808159 │         5.9 │

Indexing

│ Event                   │ Count │ Duration (ms) │
├─────────────────────────┼───────┼───────────────┤
│ Factory:Or...ionCreated │     1 │             - │

Progress (live)

████████████████████████████████████████████████ 100%

API functions
Server live at http://localhost:42069
[2K[1A[2K[1A[2K[1A[2K[1A[2K[1A[2K[1A[2K[1A[2K[1A[2K[1A[2K[1A[2K[1A[2K[1A[2K[1A[2K[1A[2K[1A[2K[1A[2K[1A[2K[1A[2K[1A[2K[G
Sync

│ Network          │ Status   │ Block    │ RPC (req/s) │
├──────────────────┼──────────┼──────────┼─────────────┤
│ etherlinkTestnet │ realtime │ 20808159 │         5.8 │

Indexing

│ Event                   │ Count │ Duration (ms) │
├─────────────────────────┼───────┼───────────────┤
│ Factory:Or...ionCreated │     1 │             - │

Progress (live)

████████████████████████████████████████████████ 100%

API functions
Server live at http://localhost:42069
[2K[1A[2K[1A[2K[1A[2K[1A[2K[1A[2K[1A[2K[1A[2K[1A[2K[1A[2K[1A[2K[1A[2K[1A[2K[1A[2K[1A[2K[1A[2K[1A[2K[1A[2K[1A[2K[1A[2K[G
Sync

│ Network          │ Status   │ Block    │ RPC (req/s) │
├──────────────────┼──────────┼──────────┼─────────────┤
│ etherlinkTestnet │ realtime │ 20808159 │         5.7 │

Indexing

│ Event                   │ Count │ Duration (ms) │
├─────────────────────────┼───────┼───────────────┤
│ Factory:Or...ionCreated │     1 │             - │

Progress (live)

████████████████████████████████████████████████ 100%

API functions
Server live at http://localhost:42069
[2K[1A[2K[1A[2K[1A[2K[1A[2K[1A[2K[1A[2K[1A[2K[1A[2K[1A[2K[1A[2K[1A[2K[1A[2K[1A[2K[1A[2K[1A[2K[1A[2K[1A[2K[1A[2K[1A[2K[G
Sync

│ Network          │ Status   │ Block    │ RPC (req/s) │
├──────────────────┼──────────┼──────────┼─────────────┤
│ etherlinkTestnet │ realtime │ 20808159 │         5.6 │

Indexing

│ Event                   │ Count │ Duration (ms) │
├─────────────────────────┼───────┼───────────────┤
│ Factory:Or...ionCreated │     1 │             - │

Progress (live)

████████████████████████████████████████████████ 100%

API functions
Server live at http://localhost:42069
[2K[1A[2K[1A[2K[1A[2K[1A[2K[1A[2K[1A[2K[1A[2K[1A[2K[1A[2K[1A[2K[1A[2K[1A[2K[1A[2K[1A[2K[1A[2K[1A[2K[1A[2K[1A[2K[1A[2K[G
Sync

│ Network          │ Status   │ Block    │ RPC (req/s) │
├──────────────────┼──────────┼──────────┼─────────────┤
│ etherlinkTestnet │ realtime │ 20808159 │         5.5 │

Indexing

│ Event                   │ Count │ Duration (ms) │
├─────────────────────────┼───────┼───────────────┤
│ Factory:Or...ionCreated │     1 │             - │

Progress (live)

████████████████████████████████████████████████ 100%

API functions
Server live at http://localhost:42069
[2K[1A[2K[1A[2K[1A[2K[1A[2K[1A[2K[1A[2K[1A[2K[1A[2K[1A[2K[1A[2K[1A[2K[1A[2K[1A[2K[1A[2K[1A[2K[1A[2K[1A[2K[1A[2K[1A[2K[G
Sync

│ Network          │ Status   │ Block    │ RPC (req/s) │
├──────────────────┼──────────┼──────────┼─────────────┤
│ etherlinkTestnet │ realtime │ 20808159 │         5.4 │

Indexing

│ Event                   │ Count │ Duration (ms) │
├─────────────────────────┼───────┼───────────────┤
│ Factory:Or...ionCreated │     1 │             - │

Progress (live)

████████████████████████████████████████████████ 100%

API functions
Server live at http://localhost:42069
[2K[1A[2K[1A[2K[1A[2K[1A[2K[1A[2K[1A[2K[1A[2K[1A[2K[1A[2K[1A[2K[1A[2K[1A[2K[1A[2K[1A[2K[1A[2K[1A[2K[1A[2K[1A[2K[1A[2K[G
Sync

│ Network          │ Status   │ Block    │ RPC (req/s) │
├──────────────────┼──────────┼──────────┼─────────────┤
│ etherlinkTestnet │ realtime │ 20808159 │         5.3 │

Indexing

│ Event                   │ Count │ Duration (ms) │
├─────────────────────────┼───────┼───────────────┤
│ Factory:Or...ionCreated │     1 │             - │

Progress (live)

████████████████████████████████████████████████ 100%

API functions
Server live at http://localhost:42069
[2K[1A[2K[1A[2K[1A[2K[1A[2K[1A[2K[1A[2K[1A[2K[1A[2K[1A[2K[1A[2K[1A[2K[1A[2K[1A[2K[1A[2K[1A[2K[1A[2K[1A[2K[1A[2K[1A[2K[G
Sync

│ Network          │ Status   │ Block    │ RPC (req/s) │
├──────────────────┼──────────┼──────────┼─────────────┤
│ etherlinkTestnet │ realtime │ 20808159 │         5.2 │

Indexing

│ Event                   │ Count │ Duration (ms) │
├─────────────────────────┼───────┼───────────────┤
│ Factory:Or...ionCreated │     1 │             - │

Progress (live)

████████████████████████████████████████████████ 100%

API functions
Server live at http://localhost:42069
[2K[1A[2K[1A[2K[1A[2K[1A[2K[1A[2K[1A[2K[1A[2K[1A[2K[1A[2K[1A[2K[1A[2K[1A[2K[1A[2K[1A[2K[1A[2K[1A[2K[1A[2K[1A[2K[1A[2K[G
Sync

│ Network          │ Status   │ Block    │ RPC (req/s) │
├──────────────────┼──────────┼──────────┼─────────────┤
│ etherlinkTestnet │ realtime │ 20808159 │         5.9 │

Indexing

│ Event                   │ Count │ Duration (ms) │
├─────────────────────────┼───────┼───────────────┤
│ Factory:Or...ionCreated │     1 │             - │

Progress (live)

████████████████████████████████████████████████ 100%

API functions
Server live at http://localhost:42069
[2K[1A[2K[1A[2K[1A[2K[1A[2K[1A[2K[1A[2K[1A[2K[1A[2K[1A[2K[1A[2K[1A[2K[1A[2K[1A[2K[1A[2K[1A[2K[1A[2K[1A[2K[1A[2K[1A[2K[G
Sync

│ Network          │ Status   │ Block    │ RPC (req/s) │
├──────────────────┼──────────┼──────────┼─────────────┤
│ etherlinkTestnet │ realtime │ 20808159 │         5.8 │

Indexing

│ Event                   │ Count │ Duration (ms) │
├─────────────────────────┼───────┼───────────────┤
│ Factory:Or...ionCreated │     1 │             - │

Progress (live)

████████████████████████████████████████████████ 100%

API functions
Server live at http://localhost:42069
[2K[1A[2K[1A[2K[1A[2K[1A[2K[1A[2K[1A[2K[1A[2K[1A[2K[1A[2K[1A[2K[1A[2K[1A[2K[1A[2K[1A[2K[1A[2K[1A[2K[1A[2K[1A[2K[1A[2K[G
Sync

│ Network          │ Status   │ Block    │ RPC (req/s) │
├──────────────────┼──────────┼──────────┼─────────────┤
│ etherlinkTestnet │ realtime │ 20808159 │         5.7 │

Indexing

│ Event                   │ Count │ Duration (ms) │
├─────────────────────────┼───────┼───────────────┤
│ Factory:Or...ionCreated │     1 │             - │

Progress (live)

████████████████████████████████████████████████ 100%

API functions
Server live at http://localhost:42069
[2K[1A[2K[1A[2K[1A[2K[1A[2K[1A[2K[1A[2K[1A[2K[1A[2K[1A[2K[1A[2K[1A[2K[1A[2K[1A[2K[1A[2K[1A[2K[1A[2K[1A[2K[1A[2K[1A[2K[G
Sync

│ Network          │ Status   │ Block    │ RPC (req/s) │
├──────────────────┼──────────┼──────────┼─────────────┤
│ etherlinkTestnet │ realtime │ 20808159 │         5.6 │

Indexing

│ Event                   │ Count │ Duration (ms) │
├─────────────────────────┼───────┼───────────────┤
│ Factory:Or...ionCreated │     1 │             - │

Progress (live)

████████████████████████████████████████████████ 100%

API functions
Server live at http://localhost:42069
[2K[1A[2K[1A[2K[1A[2K[1A[2K[1A[2K[1A[2K[1A[2K[1A[2K[1A[2K[1A[2K[1A[2K[1A[2K[1A[2K[1A[2K[1A[2K[1A[2K[1A[2K[1A[2K[1A[2K[G
Sync

│ Network          │ Status   │ Block    │ RPC (req/s) │
├──────────────────┼──────────┼──────────┼─────────────┤
│ etherlinkTestnet │ realtime │ 20808159 │         5.5 │

Indexing

│ Event                   │ Count │ Duration (ms) │
├─────────────────────────┼───────┼───────────────┤
│ Factory:Or...ionCreated │     1 │             - │

Progress (live)

████████████████████████████████████████████████ 100%

API functions
Server live at http://localhost:42069
[2K[1A[2K[1A[2K[1A[2K[1A[2K[1A[2K[1A[2K[1A[2K[1A[2K[1A[2K[1A[2K[1A[2K[1A[2K[1A[2K[1A[2K[1A[2K[1A[2K[1A[2K[1A[2K[1A[2K[G
Sync

│ Network          │ Status   │ Block    │ RPC (req/s) │
├──────────────────┼──────────┼──────────┼─────────────┤
│ etherlinkTestnet │ realtime │ 20808159 │         5.4 │

Indexing

│ Event                   │ Count │ Duration (ms) │
├─────────────────────────┼───────┼───────────────┤
│ Factory:Or...ionCreated │     1 │             - │

Progress (live)

████████████████████████████████████████████████ 100%

API functions
Server live at http://localhost:42069
[2K[1A[2K[1A[2K[1A[2K[1A[2K[1A[2K[1A[2K[1A[2K[1A[2K[1A[2K[1A[2K[1A[2K[1A[2K[1A[2K[1A[2K[1A[2K[1A[2K[1A[2K[1A[2K[1A[2K[G
Sync

│ Network          │ Status   │ Block    │ RPC (req/s) │
├──────────────────┼──────────┼──────────┼─────────────┤
│ etherlinkTestnet │ realtime │ 20808159 │         5.3 │

Indexing

│ Event                   │ Count │ Duration (ms) │
├─────────────────────────┼───────┼───────────────┤
│ Factory:Or...ionCreated │     1 │             - │

Progress (live)

████████████████████████████████████████████████ 100%

API functions
Server live at http://localhost:42069
[2K[1A[2K[1A[2K[1A[2K[1A[2K[1A[2K[1A[2K[1A[2K[1A[2K[1A[2K[1A[2K[1A[2K[1A[2K[1A[2K[1A[2K[1A[2K[1A[2K[1A[2K[1A[2K[1A[2K[G
Sync

│ Network          │ Status   │ Block    │ RPC (req/s) │
├──────────────────┼──────────┼──────────┼─────────────┤
│ etherlinkTestnet │ realtime │ 20808159 │         5.2 │

Indexing

│ Event                   │ Count │ Duration (ms) │
├─────────────────────────┼───────┼───────────────┤
│ Factory:Or...ionCreated │     1 │             - │

Progress (live)

████████████████████████████████████████████████ 100%

API functions
Server live at http://localhost:42069
[2K[1A[2K[1A[2K[1A[2K[1A[2K[1A[2K[1A[2K[1A[2K[1A[2K[1A[2K[1A[2K[1A[2K[1A[2K[1A[2K[1A[2K[1A[2K[1A[2K[1A[2K[1A[2K[1A[2K[G
Sync

│ Network          │ Status   │ Block    │ RPC (req/s) │
├──────────────────┼──────────┼──────────┼─────────────┤
│ etherlinkTestnet │ realtime │ 20808159 │         5.8 │

Indexing

│ Event                   │ Count │ Duration (ms) │
├─────────────────────────┼───────┼───────────────┤
│ Factory:Or...ionCreated │     1 │             - │

Progress (live)

████████████████████████████████████████████████ 100%

API functions
Server live at http://localhost:42069
[2K[1A[2K[1A[2K[1A[2K[1A[2K[1A[2K[1A[2K[1A[2K[1A[2K[1A[2K[1A[2K[1A[2K[1A[2K[1A[2K[1A[2K[1A[2K[1A[2K[1A[2K[1A[2K[1A[2K[G
Sync

│ Network          │ Status   │ Block    │ RPC (req/s) │
├──────────────────┼──────────┼──────────┼─────────────┤
│ etherlinkTestnet │ realtime │ 20808159 │         5.7 │

Indexing

│ Event                   │ Count │ Duration (ms) │
├─────────────────────────┼───────┼───────────────┤
│ Factory:Or...ionCreated │     1 │             - │

Progress (live)

████████████████████████████████████████████████ 100%

API functions
Server live at http://localhost:42069
[2K[1A[2K[1A[2K[1A[2K[1A[2K[1A[2K[1A[2K[1A[2K[1A[2K[1A[2K[1A[2K[1A[2K[1A[2K[1A[2K[1A[2K[1A[2K[1A[2K[1A[2K[1A[2K[1A[2K[G
Sync

│ Network          │ Status   │ Block    │ RPC (req/s) │
├──────────────────┼──────────┼──────────┼─────────────┤
│ etherlinkTestnet │ realtime │ 20808159 │         5.6 │

Indexing

│ Event                   │ Count │ Duration (ms) │
├─────────────────────────┼───────┼───────────────┤
│ Factory:Or...ionCreated │     1 │             - │

Progress (live)

████████████████████████████████████████████████ 100%

API functions
Server live at http://localhost:42069
[2K[1A[2K[1A[2K[1A[2K[1A[2K[1A[2K[1A[2K[1A[2K[1A[2K[1A[2K[1A[2K[1A[2K[1A[2K[1A[2K[1A[2K[1A[2K[1A[2K[1A[2K[1A[2K[1A[2K[G
Sync

│ Network          │ Status   │ Block    │ RPC (req/s) │
├──────────────────┼──────────┼──────────┼─────────────┤
│ etherlinkTestnet │ realtime │ 20808159 │         5.5 │

Indexing

│ Event                   │ Count │ Duration (ms) │
├─────────────────────────┼───────┼───────────────┤
│ Factory:Or...ionCreated │     1 │             - │

Progress (live)

████████████████████████████████████████████████ 100%

API functions
Server live at http://localhost:42069
[2K[1A[2K[1A[2K[1A[2K[1A[2K[1A[2K[1A[2K[1A[2K[1A[2K[1A[2K[1A[2K[1A[2K[1A[2K[1A[2K[1A[2K[1A[2K[1A[2K[1A[2K[1A[2K[1A[2K[G
Sync

│ Network          │ Status   │ Block    │ RPC (req/s) │
├──────────────────┼──────────┼──────────┼─────────────┤
│ etherlinkTestnet │ realtime │ 20808159 │         5.4 │

Indexing

│ Event                   │ Count │ Duration (ms) │
├─────────────────────────┼───────┼───────────────┤
│ Factory:Or...ionCreated │     1 │             - │

Progress (live)

████████████████████████████████████████████████ 100%

API functions
Server live at http://localhost:42069
[2K[1A[2K[1A[2K[1A[2K[1A[2K[1A[2K[1A[2K[1A[2K[1A[2K[1A[2K[1A[2K[1A[2K[1A[2K[1A[2K[1A[2K[1A[2K[1A[2K[1A[2K[1A[2K[1A[2K[G
Sync

│ Network          │ Status   │ Block    │ RPC (req/s) │
├──────────────────┼──────────┼──────────┼─────────────┤
│ etherlinkTestnet │ realtime │ 20808159 │         5.3 │

Indexing

│ Event                   │ Count │ Duration (ms) │
├─────────────────────────┼───────┼───────────────┤
│ Factory:Or...ionCreated │     1 │             - │

Progress (live)

████████████████████████████████████████████████ 100%

API functions
Server live at http://localhost:42069
[2K[1A[2K[1A[2K[1A[2K[1A[2K[1A[2K[1A[2K[1A[2K[1A[2K[1A[2K[1A[2K[1A[2K[1A[2K[1A[2K[1A[2K[1A[2K[1A[2K[1A[2K[1A[2K[1A[2K[G
Sync

│ Network          │ Status   │ Block    │ RPC (req/s) │
├──────────────────┼──────────┼──────────┼─────────────┤
│ etherlinkTestnet │ realtime │ 20808159 │         5.2 │

Indexing

│ Event                   │ Count │ Duration (ms) │
├─────────────────────────┼───────┼───────────────┤
│ Factory:Or...ionCreated │     1 │             - │

Progress (live)

████████████████████████████████████████████████ 100%

API functions
Server live at http://localhost:42069
[2K[1A[2K[1A[2K[1A[2K[1A[2K[1A[2K[1A[2K[1A[2K[1A[2K[1A[2K[1A[2K[1A[2K[1A[2K[1A[2K[1A[2K[1A[2K[1A[2K[1A[2K[1A[2K[1A[2K[G
Sync

│ Network          │ Status   │ Block    │ RPC (req/s) │
├──────────────────┼──────────┼──────────┼─────────────┤
│ etherlinkTestnet │ realtime │ 20808159 │         5.1 │

Indexing

│ Event                   │ Count │ Duration (ms) │
├─────────────────────────┼───────┼───────────────┤
│ Factory:Or...ionCreated │     1 │             - │

Progress (live)

████████████████████████████████████████████████ 100%

API functions
Server live at http://localhost:42069
[2K[1A[2K[1A[2K[1A[2K[1A[2K[1A[2K[1A[2K[1A[2K[1A[2K[1A[2K[1A[2K[1A[2K[1A[2K[1A[2K[1A[2K[1A[2K[1A[2K[1A[2K[1A[2K[1A[2K[G
Sync

│ Network          │ Status   │ Block    │ RPC (req/s) │
├──────────────────┼──────────┼──────────┼─────────────┤
│ etherlinkTestnet │ realtime │ 20808159 │         5.7 │

Indexing

│ Event                   │ Count │ Duration (ms) │
├─────────────────────────┼───────┼───────────────┤
│ Factory:Or...ionCreated │     1 │             - │

Progress (live)

████████████████████████████████████████████████ 100%

API functions
Server live at http://localhost:42069
[2K[1A[2K[1A[2K[1A[2K[1A[2K[1A[2K[1A[2K[1A[2K[1A[2K[1A[2K[1A[2K[1A[2K[1A[2K[1A[2K[1A[2K[1A[2K[1A[2K[1A[2K[1A[2K[1A[2K[G
Sync

│ Network          │ Status   │ Block    │ RPC (req/s) │
├──────────────────┼──────────┼──────────┼─────────────┤
│ etherlinkTestnet │ realtime │ 20808159 │         5.6 │

Indexing

│ Event                   │ Count │ Duration (ms) │
├─────────────────────────┼───────┼───────────────┤
│ Factory:Or...ionCreated │     1 │             - │

Progress (live)

████████████████████████████████████████████████ 100%

API functions
Server live at http://localhost:42069
[2K[1A[2K[1A[2K[1A[2K[1A[2K[1A[2K[1A[2K[1A[2K[1A[2K[1A[2K[1A[2K[1A[2K[1A[2K[1A[2K[1A[2K[1A[2K[1A[2K[1A[2K[1A[2K[1A[2K[G
Sync

│ Network          │ Status   │ Block    │ RPC (req/s) │
├──────────────────┼──────────┼──────────┼─────────────┤
│ etherlinkTestnet │ realtime │ 20808159 │         5.5 │

Indexing

│ Event                   │ Count │ Duration (ms) │
├─────────────────────────┼───────┼───────────────┤
│ Factory:Or...ionCreated │     1 │             - │

Progress (live)

████████████████████████████████████████████████ 100%

API functions
Server live at http://localhost:42069
[2K[1A[2K[1A[2K[1A[2K[1A[2K[1A[2K[1A[2K[1A[2K[1A[2K[1A[2K[1A[2K[1A[2K[1A[2K[1A[2K[1A[2K[1A[2K[1A[2K[1A[2K[1A[2K[1A[2K[G
Sync

│ Network          │ Status   │ Block    │ RPC (req/s) │
├──────────────────┼──────────┼──────────┼─────────────┤
│ etherlinkTestnet │ realtime │ 20808159 │         5.4 │

Indexing

│ Event                   │ Count │ Duration (ms) │
├─────────────────────────┼───────┼───────────────┤
│ Factory:Or...ionCreated │     1 │             - │

Progress (live)

████████████████████████████████████████████████ 100%

API functions
Server live at http://localhost:42069
[2K[1A[2K[1A[2K[1A[2K[1A[2K[1A[2K[1A[2K[1A[2K[1A[2K[1A[2K[1A[2K[1A[2K[1A[2K[1A[2K[1A[2K[1A[2K[1A[2K[1A[2K[1A[2K[1A[2K[G
Sync

│ Network          │ Status   │ Block    │ RPC (req/s) │
├──────────────────┼──────────┼──────────┼─────────────┤
│ etherlinkTestnet │ realtime │ 20808159 │         5.3 │

Indexing

│ Event                   │ Count │ Duration (ms) │
├─────────────────────────┼───────┼───────────────┤
│ Factory:Or...ionCreated │     1 │             - │

Progress (live)

████████████████████████████████████████████████ 100%

API functions
Server live at http://localhost:42069
[2K[1A[2K[1A[2K[1A[2K[1A[2K[1A[2K[1A[2K[1A[2K[1A[2K[1A[2K[1A[2K[1A[2K[1A[2K[1A[2K[1A[2K[1A[2K[1A[2K[1A[2K[1A[2K[1A[2K[G
Sync

│ Network          │ Status   │ Block    │ RPC (req/s) │
├──────────────────┼──────────┼──────────┼─────────────┤
│ etherlinkTestnet │ realtime │ 20808159 │         5.2 │

Indexing

│ Event                   │ Count │ Duration (ms) │
├─────────────────────────┼───────┼───────────────┤
│ Factory:Or...ionCreated │     1 │             - │

Progress (live)

████████████████████████████████████████████████ 100%

API functions
Server live at http://localhost:42069
[2K[1A[2K[1A[2K[1A[2K[1A[2K[1A[2K[1A[2K[1A[2K[1A[2K[1A[2K[1A[2K[1A[2K[1A[2K[1A[2K[1A[2K[1A[2K[1A[2K[1A[2K[1A[2K[1A[2K[G
Sync

│ Network          │ Status   │ Block    │ RPC (req/s) │
├──────────────────┼──────────┼──────────┼─────────────┤
│ etherlinkTestnet │ realtime │ 20808159 │         5.3 │

Indexing

│ Event                   │ Count │ Duration (ms) │
├─────────────────────────┼───────┼───────────────┤
│ Factory:Or...ionCreated │     1 │             - │

Progress (live)

████████████████████████████████████████████████ 100%

API functions
Server live at http://localhost:42069
[2K[1A[2K[1A[2K[1A[2K[1A[2K[1A[2K[1A[2K[1A[2K[1A[2K[1A[2K[1A[2K[1A[2K[1A[2K[1A[2K[1A[2K[1A[2K[1A[2K[1A[2K[1A[2K[1A[2K[G
Sync

│ Network          │ Status   │ Block    │ RPC (req/s) │
├──────────────────┼──────────┼──────────┼─────────────┤
│ etherlinkTestnet │ realtime │ 20808159 │         5.6 │

Indexing

│ Event                   │ Count │ Duration (ms) │
├─────────────────────────┼───────┼───────────────┤
│ Factory:Or...ionCreated │     1 │             - │

Progress (live)

████████████████████████████████████████████████ 100%

API functions
Server live at http://localhost:42069
[2K[1A[2K[1A[2K[1A[2K[1A[2K[1A[2K[1A[2K[1A[2K[1A[2K[1A[2K[1A[2K[1A[2K[1A[2K[1A[2K[1A[2K[1A[2K[1A[2K[1A[2K[1A[2K[1A[2K[G
Sync

│ Network          │ Status   │ Block    │ RPC (req/s) │
├──────────────────┼──────────┼──────────┼─────────────┤
│ etherlinkTestnet │ realtime │ 20808159 │         5.5 │

Indexing

│ Event                   │ Count │ Duration (ms) │
├─────────────────────────┼───────┼───────────────┤
│ Factory:Or...ionCreated │     1 │             - │

Progress (live)

████████████████████████████████████████████████ 100%

API functions
Server live at http://localhost:42069
[2K[1A[2K[1A[2K[1A[2K[1A[2K[1A[2K[1A[2K[1A[2K[1A[2K[1A[2K[1A[2K[1A[2K[1A[2K[1A[2K[1A[2K[1A[2K[1A[2K[1A[2K[1A[2K[1A[2K[G
Sync

│ Network          │ Status   │ Block    │ RPC (req/s) │
├──────────────────┼──────────┼──────────┼─────────────┤
│ etherlinkTestnet │ realtime │ 20808159 │         5.4 │

Indexing

│ Event                   │ Count │ Duration (ms) │
├─────────────────────────┼───────┼───────────────┤
│ Factory:Or...ionCreated │     1 │             - │

Progress (live)

████████████████████████████████████████████████ 100%

API functions
Server live at http://localhost:42069
[2K[1A[2K[1A[2K[1A[2K[1A[2K[1A[2K[1A[2K[1A[2K[1A[2K[1A[2K[1A[2K[1A[2K[1A[2K[1A[2K[1A[2K[1A[2K[1A[2K[1A[2K[1A[2K[1A[2K[G
Sync

│ Network          │ Status   │ Block    │ RPC (req/s) │
├──────────────────┼──────────┼──────────┼─────────────┤
│ etherlinkTestnet │ realtime │ 20808159 │         5.3 │

Indexing

│ Event                   │ Count │ Duration (ms) │
├─────────────────────────┼───────┼───────────────┤
│ Factory:Or...ionCreated │     1 │             - │

Progress (live)

████████████████████████████████████████████████ 100%

API functions
Server live at http://localhost:42069
[2K[1A[2K[1A[2K[1A[2K[1A[2K[1A[2K[1A[2K[1A[2K[1A[2K[1A[2K[1A[2K[1A[2K[1A[2K[1A[2K[1A[2K[1A[2K[1A[2K[1A[2K[1A[2K[1A[2K[G
Sync

│ Network          │ Status   │ Block    │ RPC (req/s) │
├──────────────────┼──────────┼──────────┼─────────────┤
│ etherlinkTestnet │ realtime │ 20808159 │         5.2 │

Indexing

│ Event                   │ Count │ Duration (ms) │
├─────────────────────────┼───────┼───────────────┤
│ Factory:Or...ionCreated │     1 │             - │

Progress (live)

████████████████████████████████████████████████ 100%

API functions
Server live at http://localhost:42069
[2K[1A[2K[1A[2K[1A[2K[1A[2K[1A[2K[1A[2K[1A[2K[1A[2K[1A[2K[1A[2K[1A[2K[1A[2K[1A[2K[1A[2K[1A[2K[1A[2K[1A[2K[1A[2K[1A[2K[G
Sync

│ Network          │ Status   │ Block    │ RPC (req/s) │
├──────────────────┼──────────┼──────────┼─────────────┤
│ etherlinkTestnet │ realtime │ 20808159 │         5.0 │

Indexing

│ Event                   │ Count │ Duration (ms) │
├─────────────────────────┼───────┼───────────────┤
│ Factory:Or...ionCreated │     1 │             - │

Progress (live)

████████████████████████████████████████████████ 100%

API functions
Server live at http://localhost:42069
[2K[1A[2K[1A[2K[1A[2K[1A[2K[1A[2K[1A[2K[1A[2K[1A[2K[1A[2K[1A[2K[1A[2K[1A[2K[1A[2K[1A[2K[1A[2K[1A[2K[1A[2K[1A[2K[1A[2K[G4:43:19 AM INFO  realtime   Synced block 20808160 from 'etherlinkTestnet' 

Sync

│ Network          │ Status   │ Block    │ RPC (req/s) │
├──────────────────┼──────────┼──────────┼─────────────┤
│ etherlinkTestnet │ realtime │ 20808159 │         5.0 │

Indexing

│ Event                   │ Count │ Duration (ms) │
├─────────────────────────┼───────┼───────────────┤
│ Factory:Or...ionCreated │     1 │             - │

Progress (live)

████████████████████████████████████████████████ 100%

API functions
Server live at http://localhost:42069
[2K[1A[2K[1A[2K[1A[2K[1A[2K[1A[2K[1A[2K[1A[2K[1A[2K[1A[2K[1A[2K[1A[2K[1A[2K[1A[2K[1A[2K[1A[2K[1A[2K[1A[2K[1A[2K[1A[2K[G4:43:19 AM INFO  realtime   Synced block 20808161 from 'etherlinkTestnet' 

Sync

│ Network          │ Status   │ Block    │ RPC (req/s) │
├──────────────────┼──────────┼──────────┼─────────────┤
│ etherlinkTestnet │ realtime │ 20808159 │         5.0 │

Indexing

│ Event                   │ Count │ Duration (ms) │
├─────────────────────────┼───────┼───────────────┤
│ Factory:Or...ionCreated │     1 │             - │

Progress (live)

████████████████████████████████████████████████ 100%

API functions
Server live at http://localhost:42069
[2K[1A[2K[1A[2K[1A[2K[1A[2K[1A[2K[1A[2K[1A[2K[1A[2K[1A[2K[1A[2K[1A[2K[1A[2K[1A[2K[1A[2K[1A[2K[1A[2K[1A[2K[1A[2K[1A[2K[G4:43:19 AM INFO  realtime   Synced block 20808162 from 'etherlinkTestnet' 

Sync

│ Network          │ Status   │ Block    │ RPC (req/s) │
├──────────────────┼──────────┼──────────┼─────────────┤
│ etherlinkTestnet │ realtime │ 20808159 │         5.0 │

Indexing

│ Event                   │ Count │ Duration (ms) │
├─────────────────────────┼───────┼───────────────┤
│ Factory:Or...ionCreated │     1 │             - │

Progress (live)

████████████████████████████████████████████████ 100%

API functions
Server live at http://localhost:42069
[2K[1A[2K[1A[2K[1A[2K[1A[2K[1A[2K[1A[2K[1A[2K[1A[2K[1A[2K[1A[2K[1A[2K[1A[2K[1A[2K[1A[2K[1A[2K[1A[2K[1A[2K[1A[2K[1A[2K[G4:43:19 AM INFO  realtime   Synced block 20808163 from 'etherlinkTestnet' 

Sync

│ Network          │ Status   │ Block    │ RPC (req/s) │
├──────────────────┼──────────┼──────────┼─────────────┤
│ etherlinkTestnet │ realtime │ 20808159 │         5.0 │

Indexing

│ Event                   │ Count │ Duration (ms) │
├─────────────────────────┼───────┼───────────────┤
│ Factory:Or...ionCreated │     1 │             - │

Progress (live)

████████████████████████████████████████████████ 100%

API functions
Server live at http://localhost:42069
[2K[1A[2K[1A[2K[1A[2K[1A[2K[1A[2K[1A[2K[1A[2K[1A[2K[1A[2K[1A[2K[1A[2K[1A[2K[1A[2K[1A[2K[1A[2K[1A[2K[1A[2K[1A[2K[1A[2K[G4:43:19 AM INFO  realtime   Synced block 20808164 from 'etherlinkTestnet' 

Sync

│ Network          │ Status   │ Block    │ RPC (req/s) │
├──────────────────┼──────────┼──────────┼─────────────┤
│ etherlinkTestnet │ realtime │ 20808159 │         5.0 │

Indexing

│ Event                   │ Count │ Duration (ms) │
├─────────────────────────┼───────┼───────────────┤
│ Factory:Or...ionCreated │     1 │             - │

Progress (live)

████████████████████████████████████████████████ 100%

API functions
Server live at http://localhost:42069
[2K[1A[2K[1A[2K[1A[2K[1A[2K[1A[2K[1A[2K[1A[2K[1A[2K[1A[2K[1A[2K[1A[2K[1A[2K[1A[2K[1A[2K[1A[2K[1A[2K[1A[2K[1A[2K[1A[2K[G4:43:19 AM INFO  realtime   Synced block 20808165 from 'etherlinkTestnet' 

Sync

│ Network          │ Status   │ Block    │ RPC (req/s) │
├──────────────────┼──────────┼──────────┼─────────────┤
│ etherlinkTestnet │ realtime │ 20808159 │         5.0 │

Indexing

│ Event                   │ Count │ Duration (ms) │
├─────────────────────────┼───────┼───────────────┤
│ Factory:Or...ionCreated │     1 │             - │

Progress (live)

████████████████████████████████████████████████ 100%

API functions
Server live at http://localhost:42069
[2K[1A[2K[1A[2K[1A[2K[1A[2K[1A[2K[1A[2K[1A[2K[1A[2K[1A[2K[1A[2K[1A[2K[1A[2K[1A[2K[1A[2K[1A[2K[1A[2K[1A[2K[1A[2K[1A[2K[G4:43:19 AM INFO  realtime   Synced block 20808166 from 'etherlinkTestnet' 

Sync

│ Network          │ Status   │ Block    │ RPC (req/s) │
├──────────────────┼──────────┼──────────┼─────────────┤
│ etherlinkTestnet │ realtime │ 20808159 │         5.0 │

Indexing

│ Event                   │ Count │ Duration (ms) │
├─────────────────────────┼───────┼───────────────┤
│ Factory:Or...ionCreated │     1 │             - │

Progress (live)

████████████████████████████████████████████████ 100%

API functions
Server live at http://localhost:42069
[2K[1A[2K[1A[2K[1A[2K[1A[2K[1A[2K[1A[2K[1A[2K[1A[2K[1A[2K[1A[2K[1A[2K[1A[2K[1A[2K[1A[2K[1A[2K[1A[2K[1A[2K[1A[2K[1A[2K[G4:43:19 AM INFO  realtime   Synced block 20808167 from 'etherlinkTestnet' 

Sync

│ Network          │ Status   │ Block    │ RPC (req/s) │
├──────────────────┼──────────┼──────────┼─────────────┤
│ etherlinkTestnet │ realtime │ 20808159 │         5.0 │

Indexing

│ Event                   │ Count │ Duration (ms) │
├─────────────────────────┼───────┼───────────────┤
│ Factory:Or...ionCreated │     1 │             - │

Progress (live)

████████████████████████████████████████████████ 100%

API functions
Server live at http://localhost:42069
[2K[1A[2K[1A[2K[1A[2K[1A[2K[1A[2K[1A[2K[1A[2K[1A[2K[1A[2K[1A[2K[1A[2K[1A[2K[1A[2K[1A[2K[1A[2K[1A[2K[1A[2K[1A[2K[1A[2K[G4:43:19 AM INFO  realtime   Synced block 20808168 from 'etherlinkTestnet' 

Sync

│ Network          │ Status   │ Block    │ RPC (req/s) │
├──────────────────┼──────────┼──────────┼─────────────┤
│ etherlinkTestnet │ realtime │ 20808159 │         5.0 │

Indexing

│ Event                   │ Count │ Duration (ms) │
├─────────────────────────┼───────┼───────────────┤
│ Factory:Or...ionCreated │     1 │             - │

Progress (live)

████████████████████████████████████████████████ 100%

API functions
Server live at http://localhost:42069
[2K[1A[2K[1A[2K[1A[2K[1A[2K[1A[2K[1A[2K[1A[2K[1A[2K[1A[2K[1A[2K[1A[2K[1A[2K[1A[2K[1A[2K[1A[2K[1A[2K[1A[2K[1A[2K[1A[2K[G4:43:19 AM INFO  realtime   Synced block 20808169 from 'etherlinkTestnet' 

Sync

│ Network          │ Status   │ Block    │ RPC (req/s) │
├──────────────────┼──────────┼──────────┼─────────────┤
│ etherlinkTestnet │ realtime │ 20808159 │         5.0 │

Indexing

│ Event                   │ Count │ Duration (ms) │
├─────────────────────────┼───────┼───────────────┤
│ Factory:Or...ionCreated │     1 │             - │

Progress (live)

████████████████████████████████████████████████ 100%

API functions
Server live at http://localhost:42069
[2K[1A[2K[1A[2K[1A[2K[1A[2K[1A[2K[1A[2K[1A[2K[1A[2K[1A[2K[1A[2K[1A[2K[1A[2K[1A[2K[1A[2K[1A[2K[1A[2K[1A[2K[1A[2K[1A[2K[G4:43:19 AM INFO  realtime   Synced block 20808170 from 'etherlinkTestnet' 

Sync

│ Network          │ Status   │ Block    │ RPC (req/s) │
├──────────────────┼──────────┼──────────┼─────────────┤
│ etherlinkTestnet │ realtime │ 20808159 │         5.0 │

Indexing

│ Event                   │ Count │ Duration (ms) │
├─────────────────────────┼───────┼───────────────┤
│ Factory:Or...ionCreated │     1 │             - │

Progress (live)

████████████████████████████████████████████████ 100%

API functions
Server live at http://localhost:42069
[2K[1A[2K[1A[2K[1A[2K[1A[2K[1A[2K[1A[2K[1A[2K[1A[2K[1A[2K[1A[2K[1A[2K[1A[2K[1A[2K[1A[2K[1A[2K[1A[2K[1A[2K[1A[2K[1A[2K[G4:43:19 AM INFO  realtime   Synced block 20808171 from 'etherlinkTestnet' 

Sync

│ Network          │ Status   │ Block    │ RPC (req/s) │
├──────────────────┼──────────┼──────────┼─────────────┤
│ etherlinkTestnet │ realtime │ 20808159 │         5.0 │

Indexing

│ Event                   │ Count │ Duration (ms) │
├─────────────────────────┼───────┼───────────────┤
│ Factory:Or...ionCreated │     1 │             - │

Progress (live)

████████████████████████████████████████████████ 100%

API functions
Server live at http://localhost:42069
[2K[1A[2K[1A[2K[1A[2K[1A[2K[1A[2K[1A[2K[1A[2K[1A[2K[1A[2K[1A[2K[1A[2K[1A[2K[1A[2K[1A[2K[1A[2K[1A[2K[1A[2K[1A[2K[1A[2K[G4:43:19 AM INFO  realtime   Synced block 20808172 from 'etherlinkTestnet' 

Sync

│ Network          │ Status   │ Block    │ RPC (req/s) │
├──────────────────┼──────────┼──────────┼─────────────┤
│ etherlinkTestnet │ realtime │ 20808159 │         5.0 │

Indexing

│ Event                   │ Count │ Duration (ms) │
├─────────────────────────┼───────┼───────────────┤
│ Factory:Or...ionCreated │     1 │             - │

Progress (live)

████████████████████████████████████████████████ 100%

API functions
Server live at http://localhost:42069
[2K[1A[2K[1A[2K[1A[2K[1A[2K[1A[2K[1A[2K[1A[2K[1A[2K[1A[2K[1A[2K[1A[2K[1A[2K[1A[2K[1A[2K[1A[2K[1A[2K[1A[2K[1A[2K[1A[2K[G4:43:19 AM INFO  realtime   Synced block 20808173 from 'etherlinkTestnet' 

Sync

│ Network          │ Status   │ Block    │ RPC (req/s) │
├──────────────────┼──────────┼──────────┼─────────────┤
│ etherlinkTestnet │ realtime │ 20808159 │         5.0 │

Indexing

│ Event                   │ Count │ Duration (ms) │
├─────────────────────────┼───────┼───────────────┤
│ Factory:Or...ionCreated │     1 │             - │

Progress (live)

████████████████████████████████████████████████ 100%

API functions
Server live at http://localhost:42069
[2K[1A[2K[1A[2K[1A[2K[1A[2K[1A[2K[1A[2K[1A[2K[1A[2K[1A[2K[1A[2K[1A[2K[1A[2K[1A[2K[1A[2K[1A[2K[1A[2K[1A[2K[1A[2K[1A[2K[G4:43:19 AM INFO  realtime   Synced block 20808174 from 'etherlinkTestnet' 

Sync

│ Network          │ Status   │ Block    │ RPC (req/s) │
├──────────────────┼──────────┼──────────┼─────────────┤
│ etherlinkTestnet │ realtime │ 20808159 │         5.0 │

Indexing

│ Event                   │ Count │ Duration (ms) │
├─────────────────────────┼───────┼───────────────┤
│ Factory:Or...ionCreated │     1 │             - │

Progress (live)

████████████████████████████████████████████████ 100%

API functions
Server live at http://localhost:42069
[2K[1A[2K[1A[2K[1A[2K[1A[2K[1A[2K[1A[2K[1A[2K[1A[2K[1A[2K[1A[2K[1A[2K[1A[2K[1A[2K[1A[2K[1A[2K[1A[2K[1A[2K[1A[2K[1A[2K[G4:43:19 AM INFO  realtime   Synced block 20808175 from 'etherlinkTestnet' 

Sync

│ Network          │ Status   │ Block    │ RPC (req/s) │
├──────────────────┼──────────┼──────────┼─────────────┤
│ etherlinkTestnet │ realtime │ 20808159 │         5.0 │

Indexing

│ Event                   │ Count │ Duration (ms) │
├─────────────────────────┼───────┼───────────────┤
│ Factory:Or...ionCreated │     1 │             - │

Progress (live)

████████████████████████████████████████████████ 100%

API functions
Server live at http://localhost:42069
[2K[1A[2K[1A[2K[1A[2K[1A[2K[1A[2K[1A[2K[1A[2K[1A[2K[1A[2K[1A[2K[1A[2K[1A[2K[1A[2K[1A[2K[1A[2K[1A[2K[1A[2K[1A[2K[1A[2K[G4:43:19 AM INFO  realtime   Synced block 20808176 from 'etherlinkTestnet' 

Sync

│ Network          │ Status   │ Block    │ RPC (req/s) │
├──────────────────┼──────────┼──────────┼─────────────┤
│ etherlinkTestnet │ realtime │ 20808159 │         5.0 │

Indexing

│ Event                   │ Count │ Duration (ms) │
├─────────────────────────┼───────┼───────────────┤
│ Factory:Or...ionCreated │     1 │             - │

Progress (live)

████████████████████████████████████████████████ 100%

API functions
Server live at http://localhost:42069
[2K[1A[2K[1A[2K[1A[2K[1A[2K[1A[2K[1A[2K[1A[2K[1A[2K[1A[2K[1A[2K[1A[2K[1A[2K[1A[2K[1A[2K[1A[2K[1A[2K[1A[2K[1A[2K[1A[2K[G4:43:19 AM INFO  realtime   Synced block 20808177 from 'etherlinkTestnet' 

Sync

│ Network          │ Status   │ Block    │ RPC (req/s) │
├──────────────────┼──────────┼──────────┼─────────────┤
│ etherlinkTestnet │ realtime │ 20808159 │         5.0 │

Indexing

│ Event                   │ Count │ Duration (ms) │
├─────────────────────────┼───────┼───────────────┤
│ Factory:Or...ionCreated │     1 │             - │

Progress (live)

████████████████████████████████████████████████ 100%

API functions
Server live at http://localhost:42069
[2K[1A[2K[1A[2K[1A[2K[1A[2K[1A[2K[1A[2K[1A[2K[1A[2K[1A[2K[1A[2K[1A[2K[1A[2K[1A[2K[1A[2K[1A[2K[1A[2K[1A[2K[1A[2K[1A[2K[G4:43:19 AM INFO  realtime   Synced block 20808178 from 'etherlinkTestnet' 

Sync

│ Network          │ Status   │ Block    │ RPC (req/s) │
├──────────────────┼──────────┼──────────┼─────────────┤
│ etherlinkTestnet │ realtime │ 20808159 │         5.0 │

Indexing

│ Event                   │ Count │ Duration (ms) │
├─────────────────────────┼───────┼───────────────┤
│ Factory:Or...ionCreated │     1 │             - │

Progress (live)

████████████████████████████████████████████████ 100%

API functions
Server live at http://localhost:42069
[2K[1A[2K[1A[2K[1A[2K[1A[2K[1A[2K[1A[2K[1A[2K[1A[2K[1A[2K[1A[2K[1A[2K[1A[2K[1A[2K[1A[2K[1A[2K[1A[2K[1A[2K[1A[2K[1A[2K[G4:43:19 AM INFO  realtime   Synced block 20808179 from 'etherlinkTestnet' 

Sync

│ Network          │ Status   │ Block    │ RPC (req/s) │
├──────────────────┼──────────┼──────────┼─────────────┤
│ etherlinkTestnet │ realtime │ 20808159 │         5.0 │

Indexing

│ Event                   │ Count │ Duration (ms) │
├─────────────────────────┼───────┼───────────────┤
│ Factory:Or...ionCreated │     1 │             - │

Progress (live)

████████████████████████████████████████████████ 100%

API functions
Server live at http://localhost:42069
[2K[1A[2K[1A[2K[1A[2K[1A[2K[1A[2K[1A[2K[1A[2K[1A[2K[1A[2K[1A[2K[1A[2K[1A[2K[1A[2K[1A[2K[1A[2K[1A[2K[1A[2K[1A[2K[1A[2K[G4:43:19 AM INFO  realtime   Synced block 20808180 from 'etherlinkTestnet' 

Sync

│ Network          │ Status   │ Block    │ RPC (req/s) │
├──────────────────┼──────────┼──────────┼─────────────┤
│ etherlinkTestnet │ realtime │ 20808159 │         5.0 │

Indexing

│ Event                   │ Count │ Duration (ms) │
├─────────────────────────┼───────┼───────────────┤
│ Factory:Or...ionCreated │     1 │             - │

Progress (live)

████████████████████████████████████████████████ 100%

API functions
Server live at http://localhost:42069
[2K[1A[2K[1A[2K[1A[2K[1A[2K[1A[2K[1A[2K[1A[2K[1A[2K[1A[2K[1A[2K[1A[2K[1A[2K[1A[2K[1A[2K[1A[2K[1A[2K[1A[2K[1A[2K[1A[2K[G4:43:19 AM INFO  realtime   Synced block 20808181 from 'etherlinkTestnet' 

Sync

│ Network          │ Status   │ Block    │ RPC (req/s) │
├──────────────────┼──────────┼──────────┼─────────────┤
│ etherlinkTestnet │ realtime │ 20808159 │         5.0 │

Indexing

│ Event                   │ Count │ Duration (ms) │
├─────────────────────────┼───────┼───────────────┤
│ Factory:Or...ionCreated │     1 │             - │

Progress (live)

████████████████████████████████████████████████ 100%

API functions
Server live at http://localhost:42069
[2K[1A[2K[1A[2K[1A[2K[1A[2K[1A[2K[1A[2K[1A[2K[1A[2K[1A[2K[1A[2K[1A[2K[1A[2K[1A[2K[1A[2K[1A[2K[1A[2K[1A[2K[1A[2K[1A[2K[G4:43:19 AM INFO  realtime   Synced block 20808182 from 'etherlinkTestnet' 

Sync

│ Network          │ Status   │ Block    │ RPC (req/s) │
├──────────────────┼──────────┼──────────┼─────────────┤
│ etherlinkTestnet │ realtime │ 20808159 │         5.0 │

Indexing

│ Event                   │ Count │ Duration (ms) │
├─────────────────────────┼───────┼───────────────┤
│ Factory:Or...ionCreated │     1 │             - │

Progress (live)

████████████████████████████████████████████████ 100%

API functions
Server live at http://localhost:42069
[2K[1A[2K[1A[2K[1A[2K[1A[2K[1A[2K[1A[2K[1A[2K[1A[2K[1A[2K[1A[2K[1A[2K[1A[2K[1A[2K[1A[2K[1A[2K[1A[2K[1A[2K[1A[2K[1A[2K[G4:43:19 AM INFO  realtime   Synced block 20808183 from 'etherlinkTestnet' 

Sync

│ Network          │ Status   │ Block    │ RPC (req/s) │
├──────────────────┼──────────┼──────────┼─────────────┤
│ etherlinkTestnet │ realtime │ 20808159 │         5.0 │

Indexing

│ Event                   │ Count │ Duration (ms) │
├─────────────────────────┼───────┼───────────────┤
│ Factory:Or...ionCreated │     1 │             - │

Progress (live)

████████████████████████████████████████████████ 100%

API functions
Server live at http://localhost:42069
[2K[1A[2K[1A[2K[1A[2K[1A[2K[1A[2K[1A[2K[1A[2K[1A[2K[1A[2K[1A[2K[1A[2K[1A[2K[1A[2K[1A[2K[1A[2K[1A[2K[1A[2K[1A[2K[1A[2K[G
Sync

│ Network          │ Status   │ Block    │ RPC (req/s) │
├──────────────────┼──────────┼──────────┼─────────────┤
│ etherlinkTestnet │ realtime │ 20808183 │         5.0 │

Indexing

│ Event                   │ Count │ Duration (ms) │
├─────────────────────────┼───────┼───────────────┤
│ Factory:Or...ionCreated │     1 │             - │

Progress (live)

████████████████████████████████████████████████ 100%

API functions
Server live at http://localhost:42069
[2K[1A[2K[1A[2K[1A[2K[1A[2K[1A[2K[1A[2K[1A[2K[1A[2K[1A[2K[1A[2K[1A[2K[1A[2K[1A[2K[1A[2K[1A[2K[1A[2K[1A[2K[1A[2K[1A[2K[G4:43:19 AM WARN  process    Received SIGTERM, starting shutdown sequence

Sync

│ Network          │ Status   │ Block    │ RPC (req/s) │
├──────────────────┼──────────┼──────────┼─────────────┤
│ etherlinkTestnet │ realtime │ 20808183 │         5.0 │

Indexing

│ Event                   │ Count │ Duration (ms) │
├─────────────────────────┼───────┼───────────────┤
│ Factory:Or...ionCreated │     1 │             - │

Progress (live)

████████████████████████████████████████████████ 100%

API functions
Server live at http://localhost:42069
[2K[1A[2K[1A[2K[1A[2K[1A[2K[1A[2K[1A[2K[1A[2K[1A[2K[1A[2K[1A[2K[1A[2K[1A[2K[1A[2K[1A[2K[1A[2K[1A[2K[1A[2K[1A[2K[1A[2K[G